2026-07-26 17:15:39,589 INFO o.a.j.u.JMeterUtils: Setting Locale to en_EN
2026-07-26 17:15:39,616 INFO o.a.j.JMeter: Loading user properties from: /opt/apache-jmeter-5.6.3/bin/user.properties
2026-07-26 17:15:39,616 INFO o.a.j.JMeter: Loading system properties from: /opt/apache-jmeter-5.6.3/bin/system.properties
2026-07-26 17:15:39,622 INFO o.a.j.JMeter: Copyright (c) 1998-2024 The Apache Software Foundation
2026-07-26 17:15:39,622 INFO o.a.j.JMeter: Version 5.6.3
2026-07-26 17:15:39,622 INFO o.a.j.JMeter: java.version=21.0.11
2026-07-26 17:15:39,622 INFO o.a.j.JMeter: java.vm.name=OpenJDK 64-Bit Server VM
2026-07-26 17:15:39,622 INFO o.a.j.JMeter: os.name=Linux
2026-07-26 17:15:39,622 INFO o.a.j.JMeter: os.arch=amd64
2026-07-26 17:15:39,622 INFO o.a.j.JMeter: os.version=7.0.0-28-generic
2026-07-26 17:15:39,622 INFO o.a.j.JMeter: file.encoding=UTF-8
2026-07-26 17:15:39,622 INFO o.a.j.JMeter: java.awt.headless=null
2026-07-26 17:15:39,623 INFO o.a.j.JMeter: Max memory     =1073741824
2026-07-26 17:15:39,623 INFO o.a.j.JMeter: Available Processors =2
2026-07-26 17:15:39,633 INFO o.a.j.JMeter: Default Locale=English (EN)
2026-07-26 17:15:39,634 INFO o.a.j.JMeter: JMeter  Locale=English (EN)
2026-07-26 17:15:39,634 INFO o.a.j.JMeter: JMeterHome=/opt/apache-jmeter-5.6.3
2026-07-26 17:15:39,634 INFO o.a.j.JMeter: user.dir  =/home/hyna/Desktop/cours/jenkins/jenkins-xavki/jenkins-ansible-docker
2026-07-26 17:15:39,634 INFO o.a.j.JMeter: PWD       =/home/hyna/Desktop/cours/jenkins/jenkins-xavki/jenkins-ansible-docker
2026-07-26 17:15:39,643 INFO o.a.j.JMeter: IP: 192.168.11.129 Name: ubuntu-lab FullName: ubuntu-lab
